--test--
entry: a b c
if.then: c e
if.else: c e
if.end: 
